[2026-06-21 17:36:28,047] httpx - INFO - HTTP Request: GET https://dagshub.com/api/v1/user "HTTP/1.1 200 OK"
[2026-06-21 17:36:28,077] dagshub - INFO - Accessing as dreammast
[2026-06-21 17:36:33,517] httpx - INFO - HTTP Request: GET https://dagshub.com/api/v1/repos/dreammast/NetworkSecurity "HTTP/1.1 200 OK"
[2026-06-21 17:36:38,695] httpx - INFO - HTTP Request: GET https://dagshub.com/api/v1/user "HTTP/1.1 200 OK"
[2026-06-21 17:36:38,697] dagshub - INFO - Initialized MLflow to track repo "dreammast/NetworkSecurity"
[2026-06-21 17:36:38,698] dagshub - INFO - Repository dreammast/NetworkSecurity initialized!
[2026-06-21 17:36:38,703] root - INFO - Starting data ingestion
[2026-06-21 17:37:01,333] root - INFO - Performed train test split on the dataframe
[2026-06-21 17:37:01,333] root - INFO - train set length : 8844
[2026-06-21 17:37:01,333] root - INFO - exporting train and test file path
[2026-06-21 17:37:01,489] root - INFO - Exported train and test file path successfully
[2026-06-21 17:37:01,490] root - INFO - Data ingestion completed and artifact: DataIngestionArtifact(trained_file_path='NetworkSecurity\\Artifacts\\06-21-2026_17-36-17\\data_ingestion\\ingested\\train.csv', testing_file_path='NetworkSecurity\\Artifacts\\06-21-2026_17-36-17\\data_ingestion\\ingested\\test.csv')
[2026-06-21 17:37:01,497] root - INFO - Starting data validation
[2026-06-21 17:37:01,547] root - INFO - Required number of columns: 31
[2026-06-21 17:37:01,548] root - INFO - Dataframe has columns: 31
[2026-06-21 17:37:01,548] root - INFO - Required number of columns: 31
[2026-06-21 17:37:01,548] root - INFO - Dataframe has columns: 31
[2026-06-21 17:37:01,924] root - INFO - data validation completed and artifact: {data_validation_artifact}
[2026-06-21 17:37:01,924] root - INFO - data transformation started
[2026-06-21 17:37:01,925] root - INFO - entered the initiate_data_transformation method of DataTransformation class
[2026-06-21 17:37:01,925] root - INFO - starting the data transformation
[2026-06-21 17:37:01,981] root - INFO - entered the data-transformer--bj method of transformation class
[2026-06-21 17:37:01,982] root - INFO - initialized thhe KNN with {'missing_values': nan, 'n_neighbors': 3, 'weights': 'uniform'}
[2026-06-21 17:37:02,057] root - INFO - entered the save_object method for mainutils class
[2026-06-21 17:37:02,064] root - INFO - exited the save_object method of mainutils class
[2026-06-21 17:37:02,065] root - INFO - entered the save_object method for mainutils class
[2026-06-21 17:37:02,071] root - INFO - exited the save_object method of mainutils class
[2026-06-21 17:37:02,073] root - INFO - data transformation completed
[2026-06-21 17:37:02,073] root - INFO - Model Training started
[2026-06-21 17:46:07,873] root - INFO - entered the save_object method for mainutils class
[2026-06-21 17:46:07,874] root - INFO - exited the save_object method of mainutils class
[2026-06-21 17:46:07,875] root - INFO - entered the save_object method for mainutils class
[2026-06-21 17:46:07,888] root - INFO - exited the save_object method of mainutils class
[2026-06-21 17:46:07,888] root - INFO - model trainer artifact:<network_security.entity.config_entity.ModelTrainerConfig object at 0x0000010898A3CB90>
[2026-06-21 17:46:07,890] root - INFO - model training artifact created
