[2026-06-21 19:10:11,616] httpx - INFO - HTTP Request: GET https://dagshub.com/api/v1/user "HTTP/1.1 200 OK"
[2026-06-21 19:10:11,616] dagshub - INFO - Accessing as dreammast
[2026-06-21 19:10:12,805] httpx - INFO - HTTP Request: GET https://dagshub.com/api/v1/repos/dreammast/NetworkSecurity "HTTP/1.1 200 OK"
[2026-06-21 19:10:14,069] httpx - INFO - HTTP Request: GET https://dagshub.com/api/v1/user "HTTP/1.1 200 OK"
[2026-06-21 19:10:14,069] dagshub - INFO - Initialized MLflow to track repo "dreammast/NetworkSecurity"
[2026-06-21 19:10:14,069] dagshub - INFO - Repository dreammast/NetworkSecurity initialized!
[2026-06-21 19:10:32,639] root - INFO - start data Ingestion
[2026-06-21 19:10:36,154] root - INFO - Performed train test split on the dataframe
[2026-06-21 19:10:36,154] root - INFO - train set length : 8844
[2026-06-21 19:10:36,154] root - INFO - exporting train and test file path
[2026-06-21 19:10:36,204] root - INFO - Exported train and test file path successfully
[2026-06-21 19:10:36,204] root - INFO - Data ingestion completed and artifact:DataIngestionArtifact(trained_file_path='NetworkSecurity\\Artifacts\\06-21-2026_19-10-08\\data_ingestion\\ingested\\train.csv', testing_file_path='NetworkSecurity\\Artifacts\\06-21-2026_19-10-08\\data_ingestion\\ingested\\test.csv')
[2026-06-21 19:10:36,204] root - INFO - Starting data validation
[2026-06-21 19:10:36,238] root - INFO - Required number of columns: 31
[2026-06-21 19:10:36,238] root - INFO - Dataframe has columns: 31
[2026-06-21 19:10:36,238] root - INFO - Required number of columns: 31
[2026-06-21 19:10:36,238] root - INFO - Dataframe has columns: 31
[2026-06-21 19:10:36,437] root - INFO - data transformation started
[2026-06-21 19:10:36,437] root - INFO - entered the initiate_data_transformation method of DataTransformation class
[2026-06-21 19:10:36,437] root - INFO - starting the data transformation
[2026-06-21 19:10:36,463] root - INFO - entered the data-transformer--bj method of transformation class
[2026-06-21 19:10:36,463] root - INFO - initialized thhe KNN with {'missing_values': nan, 'n_neighbors': 3, 'weights': 'uniform'}
[2026-06-21 19:10:36,590] root - INFO - entered the save_object method for mainutils class
[2026-06-21 19:10:36,592] root - INFO - exited the save_object method of mainutils class
[2026-06-21 19:10:36,592] root - INFO - entered the save_object method for mainutils class
[2026-06-21 19:10:36,594] root - INFO - exited the save_object method of mainutils class
[2026-06-21 19:10:36,594] root - INFO - Model Training started
[2026-06-21 19:12:08,536] root - INFO - start data Ingestion
[2026-06-21 19:12:11,943] root - INFO - Performed train test split on the dataframe
[2026-06-21 19:12:11,943] root - INFO - train set length : 8844
[2026-06-21 19:12:11,943] root - INFO - exporting train and test file path
[2026-06-21 19:12:11,999] root - INFO - Exported train and test file path successfully
[2026-06-21 19:12:11,999] root - INFO - Data ingestion completed and artifact:DataIngestionArtifact(trained_file_path='NetworkSecurity\\Artifacts\\06-21-2026_19-10-08\\data_ingestion\\ingested\\train.csv', testing_file_path='NetworkSecurity\\Artifacts\\06-21-2026_19-10-08\\data_ingestion\\ingested\\test.csv')
[2026-06-21 19:12:11,999] root - INFO - Starting data validation
[2026-06-21 19:12:12,026] root - INFO - Required number of columns: 31
[2026-06-21 19:12:12,026] root - INFO - Dataframe has columns: 31
[2026-06-21 19:12:12,026] root - INFO - Required number of columns: 31
[2026-06-21 19:12:12,026] root - INFO - Dataframe has columns: 31
[2026-06-21 19:12:12,269] root - INFO - data transformation started
[2026-06-21 19:12:12,269] root - INFO - entered the initiate_data_transformation method of DataTransformation class
[2026-06-21 19:12:12,269] root - INFO - starting the data transformation
[2026-06-21 19:12:12,298] root - INFO - entered the data-transformer--bj method of transformation class
[2026-06-21 19:12:12,298] root - INFO - initialized thhe KNN with {'missing_values': nan, 'n_neighbors': 3, 'weights': 'uniform'}
[2026-06-21 19:12:12,310] root - INFO - entered the save_object method for mainutils class
[2026-06-21 19:12:12,312] root - INFO - exited the save_object method of mainutils class
[2026-06-21 19:12:12,312] root - INFO - entered the save_object method for mainutils class
[2026-06-21 19:12:12,317] root - INFO - exited the save_object method of mainutils class
[2026-06-21 19:12:12,317] root - INFO - Model Training started
