[2026-06-21 19:14:15,735] httpx - INFO - HTTP Request: GET https://dagshub.com/api/v1/user "HTTP/1.1 200 OK"
[2026-06-21 19:14:15,744] dagshub - INFO - Accessing as dreammast
[2026-06-21 19:14:16,655] httpx - INFO - HTTP Request: GET https://dagshub.com/api/v1/repos/dreammast/NetworkSecurity "HTTP/1.1 200 OK"
[2026-06-21 19:14:18,094] httpx - INFO - HTTP Request: GET https://dagshub.com/api/v1/user "HTTP/1.1 200 OK"
[2026-06-21 19:14:18,095] dagshub - INFO - Initialized MLflow to track repo "dreammast/NetworkSecurity"
[2026-06-21 19:14:18,095] dagshub - INFO - Repository dreammast/NetworkSecurity initialized!
[2026-06-21 19:14:40,501] root - INFO - start data Ingestion
[2026-06-21 19:14:54,702] root - INFO - Performed train test split on the dataframe
[2026-06-21 19:14:54,702] root - INFO - train set length : 8844
[2026-06-21 19:14:54,702] root - INFO - exporting train and test file path
[2026-06-21 19:14:54,785] root - INFO - Exported train and test file path successfully
[2026-06-21 19:14:54,785] root - INFO - Data ingestion completed and artifact:DataIngestionArtifact(trained_file_path='NetworkSecurity\\Artifacts\\06-21-2026_19-14-08\\data_ingestion\\ingested\\train.csv', testing_file_path='NetworkSecurity\\Artifacts\\06-21-2026_19-14-08\\data_ingestion\\ingested\\test.csv')
[2026-06-21 19:14:54,802] root - INFO - Starting data validation
[2026-06-21 19:14:54,835] root - INFO - Required number of columns: 31
[2026-06-21 19:14:54,835] root - INFO - Dataframe has columns: 31
[2026-06-21 19:14:54,835] root - INFO - Required number of columns: 31
[2026-06-21 19:14:54,835] root - INFO - Dataframe has columns: 31
[2026-06-21 19:14:55,102] root - INFO - data transformation started
[2026-06-21 19:14:55,102] root - INFO - entered the initiate_data_transformation method of DataTransformation class
[2026-06-21 19:14:55,102] root - INFO - starting the data transformation
[2026-06-21 19:14:55,127] root - INFO - entered the data-transformer--bj method of transformation class
[2026-06-21 19:14:55,127] root - INFO - initialized thhe KNN with {'missing_values': nan, 'n_neighbors': 3, 'weights': 'uniform'}
[2026-06-21 19:14:55,264] root - INFO - entered the save_object method for mainutils class
[2026-06-21 19:14:55,269] root - INFO - exited the save_object method of mainutils class
[2026-06-21 19:14:55,269] root - INFO - entered the save_object method for mainutils class
[2026-06-21 19:14:55,269] root - INFO - exited the save_object method of mainutils class
[2026-06-21 19:14:55,269] root - INFO - Model Training started
[2026-06-21 19:25:08,579] root - INFO - entered the save_object method for mainutils class
[2026-06-21 19:25:08,581] root - INFO - exited the save_object method of mainutils class
[2026-06-21 19:25:08,581] root - INFO - entered the save_object method for mainutils class
[2026-06-21 19:25:08,696] root - INFO - exited the save_object method of mainutils class
[2026-06-21 19:25:08,696] root - INFO - model trainer artifact:<network_security.entity.config_entity.ModelTrainerConfig object at 0x000001464F9EAF90>
